Archive member included to satisfy reference by file (symbol)

/opt/stm32cubeide/plugins/com.st.stm32cube.ide.mcu.externaltools.gnu-tools-for-stm32.11.3.rel1.linux64_1.1.100.202309141235/tools/bin/../lib/gcc/arm-none-eabi/11.3.1/../../../../arm-none-eabi/lib/thumb/v7e-m+fp/hard/libc_nano.a(libc_a-exit.o)
                              /opt/stm32cubeide/plugins/com.st.stm32cube.ide.mcu.externaltools.gnu-tools-for-stm32.11.3.rel1.linux64_1.1.100.202309141235/tools/bin/../lib/gcc/arm-none-eabi/11.3.1/../../../../arm-none-eabi/lib/thumb/v7e-m+fp/hard/crt0.o (exit)
/opt/stm32cubeide/plugins/com.st.stm32cube.ide.mcu.externaltools.gnu-tools-for-stm32.11.3.rel1.linux64_1.1.100.202309141235/tools/bin/../lib/gcc/arm-none-eabi/11.3.1/../../../../arm-none-eabi/lib/thumb/v7e-m+fp/hard/libc_nano.a(libc_a-findfp.o)
                              /opt/stm32cubeide/plugins/com.st.stm32cube.ide.mcu.externaltools.gnu-tools-for-stm32.11.3.rel1.linux64_1.1.100.202309141235/tools/bin/../lib/gcc/arm-none-eabi/11.3.1/../../../../arm-none-eabi/lib/thumb/v7e-m+fp/hard/libc_nano.a(libc_a-exit.o) (__stdio_exit_handler)
/opt/stm32cubeide/plugins/com.st.stm32cube.ide.mcu.externaltools.gnu-tools-for-stm32.11.3.rel1.linux64_1.1.100.202309141235/tools/bin/../lib/gcc/arm-none-eabi/11.3.1/../../../../arm-none-eabi/lib/thumb/v7e-m+fp/hard/libc_nano.a(libc_a-fwalk.o)
                              /opt/stm32cubeide/plugins/com.st.stm32cube.ide.mcu.externaltools.gnu-tools-for-stm32.11.3.rel1.linux64_1.1.100.202309141235/tools/bin/../lib/gcc/arm-none-eabi/11.3.1/../../../../arm-none-eabi/lib/thumb/v7e-m+fp/hard/libc_nano.a(libc_a-findfp.o) (_fwalk_sglue)
/opt/stm32cubeide/plugins/com.st.stm32cube.ide.mcu.externaltools.gnu-tools-for-stm32.11.3.rel1.linux64_1.1.100.202309141235/tools/bin/../lib/gcc/arm-none-eabi/11.3.1/../../../../arm-none-eabi/lib/thumb/v7e-m+fp/hard/libc_nano.a(libc_a-stdio.o)
                              /opt/stm32cubeide/plugins/com.st.stm32cube.ide.mcu.externaltools.gnu-tools-for-stm32.11.3.rel1.linux64_1.1.100.202309141235/tools/bin/../lib/gcc/arm-none-eabi/11.3.1/../../../../arm-none-eabi/lib/thumb/v7e-m+fp/hard/libc_nano.a(libc_a-findfp.o) (__sread)
/opt/stm32cubeide/plugins/com.st.stm32cube.ide.mcu.externaltools.gnu-tools-for-stm32.11.3.rel1.linux64_1.1.100.202309141235/tools/bin/../lib/gcc/arm-none-eabi/11.3.1/../../../../arm-none-eabi/lib/thumb/v7e-m+fp/hard/libc_nano.a(libc_a-memset.o)
                              /opt/stm32cubeide/plugins/com.st.stm32cube.ide.mcu.externaltools.gnu-tools-for-stm32.11.3.rel1.linux64_1.1.100.202309141235/tools/bin/../lib/gcc/arm-none-eabi/11.3.1/../../../../arm-none-eabi/lib/thumb/v7e-m+fp/hard/crt0.o (memset)
/opt/stm32cubeide/plugins/com.st.stm32cube.ide.mcu.externaltools.gnu-tools-for-stm32.11.3.rel1.linux64_1.1.100.202309141235/tools/bin/../lib/gcc/arm-none-eabi/11.3.1/../../../../arm-none-eabi/lib/thumb/v7e-m+fp/hard/libc_nano.a(libc_a-closer.o)
                              /opt/stm32cubeide/plugins/com.st.stm32cube.ide.mcu.externaltools.gnu-tools-for-stm32.11.3.rel1.linux64_1.1.100.202309141235/tools/bin/../lib/gcc/arm-none-eabi/11.3.1/../../../../arm-none-eabi/lib/thumb/v7e-m+fp/hard/libc_nano.a(libc_a-stdio.o) (_close_r)
/opt/stm32cubeide/plugins/com.st.stm32cube.ide.mcu.externaltools.gnu-tools-for-stm32.11.3.rel1.linux64_1.1.100.202309141235/tools/bin/../lib/gcc/arm-none-eabi/11.3.1/../../../../arm-none-eabi/lib/thumb/v7e-m+fp/hard/libc_nano.a(libc_a-reent.o)
                              /opt/stm32cubeide/plugins/com.st.stm32cube.ide.mcu.externaltools.gnu-tools-for-stm32.11.3.rel1.linux64_1.1.100.202309141235/tools/bin/../lib/gcc/arm-none-eabi/11.3.1/../../../../arm-none-eabi/lib/thumb/v7e-m+fp/hard/libc_nano.a(libc_a-closer.o) (errno)
/opt/stm32cubeide/plugins/com.st.stm32cube.ide.mcu.externaltools.gnu-tools-for-stm32.11.3.rel1.linux64_1.1.100.202309141235/tools/bin/../lib/gcc/arm-none-eabi/11.3.1/../../../../arm-none-eabi/lib/thumb/v7e-m+fp/hard/libc_nano.a(libc_a-impure.o)
                              /opt/stm32cubeide/plugins/com.st.stm32cube.ide.mcu.externaltools.gnu-tools-for-stm32.11.3.rel1.linux64_1.1.100.202309141235/tools/bin/../lib/gcc/arm-none-eabi/11.3.1/../../../../arm-none-eabi/lib/thumb/v7e-m+fp/hard/libc_nano.a(libc_a-reent.o) (_impure_ptr)
/opt/stm32cubeide/plugins/com.st.stm32cube.ide.mcu.externaltools.gnu-tools-for-stm32.11.3.rel1.linux64_1.1.100.202309141235/tools/bin/../lib/gcc/arm-none-eabi/11.3.1/../../../../arm-none-eabi/lib/thumb/v7e-m+fp/hard/libc_nano.a(libc_a-lseekr.o)
                              /opt/stm32cubeide/plugins/com.st.stm32cube.ide.mcu.externaltools.gnu-tools-for-stm32.11.3.rel1.linux64_1.1.100.202309141235/tools/bin/../lib/gcc/arm-none-eabi/11.3.1/../../../../arm-none-eabi/lib/thumb/v7e-m+fp/hard/libc_nano.a(libc_a-stdio.o) (_lseek_r)
[...]
Memory Configuration

Name             Origin             Length             Attributes
RAM              0x0000000020000000 0x0000000000020000 xrw
FLASH            0x0000000008000000 0x0000000000080000 xr
*default*        0x0000000000000000 0xffffffffffffffff

Linker script and memory map

LOAD /opt/stm32cubeide/plugins/com.st.stm32cube.ide.mcu.externaltools.gnu-tools-for-stm32.11.3.rel1.linux64_1.1.100.202309141235/tools/bin/../lib/gcc/arm-none-eabi/11.3.1/thumb/v7e-m+fp/hard/crti.o
LOAD /opt/stm32cubeide/plugins/com.st.stm32cube.ide.mcu.externaltools.gnu-tools-for-stm32.11.3.rel1.linux64_1.1.100.202309141235/tools/bin/../lib/gcc/arm-none-eabi/11.3.1/thumb/v7e-m+fp/hard/crtbegin.o
LOAD /opt/stm32cubeide/plugins/com.st.stm32cube.ide.mcu.externaltools.gnu-tools-for-stm32.11.3.rel1.linux64_1.1.100.202309141235/tools/bin/../lib/gcc/arm-none-eabi/11.3.1/../../../../arm-none-eabi/lib/thumb/v7e-m+fp/hard/crt0.o
LOAD ./App/app.o
LOAD ./App/button.o
LOAD ./App/game.o
LOAD ./App/player.o
LOAD ./App/timer.o
LOAD ./App/tm1637.o
LOAD ./Core/Src/main.o
LOAD ./Core/Src/stm32f4xx_hal_msp.o
LOAD ./Core/Src/stm32f4xx_it.o
LOAD ./Core/Src/syscalls.o
LOAD ./Core/Src/sysmem.o
LOAD ./Core/Src/system_stm32f4xx.o
LOAD ./Core/Startup/startup_stm32f411ceux.o
LOAD ./Drivers/STM32F4xx_HAL_Driver/Src/stm32f4xx_hal.o
LOAD ./Drivers/STM32F4xx_HAL_Driver/Src/stm32f4xx_hal_cortex.o
LOAD ./Drivers/STM32F4xx_HAL_Driver/Src/stm32f4xx_hal_dma.o
LOAD ./Drivers/STM32F4xx_HAL_Driver/Src/stm32f4xx_hal_dma_ex.o
LOAD ./Drivers/STM32F4xx_HAL_Driver/Src/stm32f4xx_hal_exti.o
LOAD ./Drivers/STM32F4xx_HAL_Driver/Src/stm32f4xx_hal_flash.o
LOAD ./Drivers/STM32F4xx_HAL_Driver/Src/stm32f4xx_hal_flash_ex.o
LOAD ./Drivers/STM32F4xx_HAL_Driver/Src/stm32f4xx_hal_flash_ramfunc.o
LOAD ./Drivers/STM32F4xx_HAL_Driver/Src/stm32f4xx_hal_gpio.o
LOAD ./Drivers/STM32F4xx_HAL_Driver/Src/stm32f4xx_hal_pwr.o
LOAD ./Drivers/STM32F4xx_HAL_Driver/Src/stm32f4xx_hal_pwr_ex.o
LOAD ./Drivers/STM32F4xx_HAL_Driver/Src/stm32f4xx_hal_rcc.o
LOAD ./Drivers/STM32F4xx_HAL_Driver/Src/stm32f4xx_hal_rcc_ex.o
LOAD ./Drivers/STM32F4xx_HAL_Driver/Src/stm32f4xx_hal_tim.o
LOAD ./Drivers/STM32F4xx_HAL_Driver/Src/stm32f4xx_hal_tim_ex.o
START GROUP
LOAD /opt/stm32cubeide/plugins/com.st.stm32cube.ide.mcu.externaltools.gnu-tools-for-stm32.11.3.rel1.linux64_1.1.100.202309141235/tools/bin/../lib/gcc/arm-none-eabi/11.3.1/../../../../arm-none-eabi/lib/thumb/v7e-m+fp/hard/libc_nano.a
LOAD /opt/stm32cubeide/plugins/com.st.stm32cube.ide.mcu.externaltools.gnu-tools-for-stm32.11.3.rel1.linux64_1.1.100.202309141235/tools/bin/../lib/gcc/arm-none-eabi/11.3.1/../../../../arm-none-eabi/lib/thumb/v7e-m+fp/hard/libm.a
END GROUP
START GROUP
LOAD /opt/stm32cubeide/plugins/com.st.stm32cube.ide.mcu.externaltools.gnu-tools-for-stm32.11.3.rel1.linux64_1.1.100.202309141235/tools/bin/../lib/gcc/arm-none-eabi/11.3.1/thumb/v7e-m+fp/hard/libgcc.a
LOAD /opt/stm32cubeide/plugins/com.st.stm32cube.ide.mcu.externaltools.gnu-tools-for-stm32.11.3.rel1.linux64_1.1.100.202309141235/tools/bin/../lib/gcc/arm-none-eabi/11.3.1/../../../../arm-none-eabi/lib/thumb/v7e-m+fp/hard/libc_nano.a
END GROUP
START GROUP
LOAD /opt/stm32cubeide/plugins/com.st.stm32cube.ide.mcu.externaltools.gnu-tools-for-stm32.11.3.rel1.linux64_1.1.100.202309141235/tools/bin/../lib/gcc/arm-none-eabi/11.3.1/thumb/v7e-m+fp/hard/libgcc.a
LOAD /opt/stm32cubeide/plugins/com.st.stm32cube.ide.mcu.externaltools.gnu-tools-for-stm32.11.3.rel1.linux64_1.1.100.202309141235/tools/bin/../lib/gcc/arm-none-eabi/11.3.1/../../../../arm-none-eabi/lib/thumb/v7e-m+fp/hard/libc_nano.a
LOAD /opt/stm32cubeide/plugins/com.st.stm32cube.ide.mcu.externaltools.gnu-tools-for-stm32.11.3.rel1.linux64_1.1.100.202309141235/tools/bin/../lib/gcc/arm-none-eabi/11.3.1/../../../../arm-none-eabi/lib/thumb/v7e-m+fp/hard/libnosys.a
END GROUP
START GROUP
LOAD /opt/stm32cubeide/plugins/com.st.stm32cube.ide.mcu.externaltools.gnu-tools-for-stm32.11.3.rel1.linux64_1.1.100.202309141235/tools/bin/../lib/gcc/arm-none-eabi/11.3.1/thumb/v7e-m+fp/hard/libgcc.a
LOAD /opt/stm32cubeide/plugins/com.st.stm32cube.ide.mcu.externaltools.gnu-tools-for-stm32.11.3.rel1.linux64_1.1.100.202309141235/tools/bin/../lib/gcc/arm-none-eabi/11.3.1/../../../../arm-none-eabi/lib/thumb/v7e-m+fp/hard/libc_nano.a
LOAD /opt/stm32cubeide/plugins/com.st.stm32cube.ide.mcu.externaltools.gnu-tools-for-stm32.11.3.rel1.linux64_1.1.100.202309141235/tools/bin/../lib/gcc/arm-none-eabi/11.3.1/../../../../arm-none-eabi/lib/thumb/v7e-m+fp/hard/libnosys.a
END GROUP
LOAD /opt/stm32cubeide/plugins/com.st.stm32cube.ide.mcu.externaltools.gnu-tools-for-stm32.11.3.rel1.linux64_1.1.100.202309141235/tools/bin/../lib/gcc/arm-none-eabi/11.3.1/thumb/v7e-m+fp/hard/crtend.o
LOAD /opt/stm32cubeide/plugins/com.st.stm32cube.ide.mcu.externaltools.gnu-tools-for-stm32.11.3.rel1.linux64_1.1.100.202309141235/tools/bin/../lib/gcc/arm-none-eabi/11.3.1/thumb/v7e-m+fp/hard/crtn.o
                0x0000000020020000                _estack = (ORIGIN (RAM) + LENGTH (RAM))
                0x0000000000000200                _Min_Heap_Size = 0x200
                0x0000000000000400                _Min_Stack_Size = 0x400

.isr_vector     0x0000000008000000      0x198
                0x0000000008000000                . = ALIGN (0x4)
 *(.isr_vector)
 .isr_vector    0x0000000008000000      0x198 ./Core/Startup/startup_stm32f411ceux.o
                0x0000000008000000                g_pfnVectors
                0x0000000008000198                . = ALIGN (0x4)

.text           0x0000000008000198     0x2714
                0x0000000008000198                . = ALIGN (0x4)
 *(.text)
 .text          0x0000000008000198       0x40 /opt/stm32cubeide/plugins/com.st.stm32cube.ide.mcu.externaltools.gnu-tools-for-stm32.11.3.rel1.linux64_1.1.100.202309141235/tools/bin/../lib/gcc/arm-none-eabi/11.3.1/thumb/v7e-m+fp/hard/crtbegin.o
 .text          0x00000000080001d8       0x30 /opt/stm32cubeide/plugins/com.st.stm32cube.ide.mcu.externaltools.gnu-tools-for-stm32.11.3.rel1.linux64_1.1.100.202309141235/tools/bin/../lib/gcc/arm-none-eabi/11.3.1/thumb/v7e-m+fp/hard/libgcc.a(_aeabi_uldivmod.o)
                0x00000000080001d8                __aeabi_uldivmod
 .text          0x0000000008000208      0x2c8 /opt/stm32cubeide/plugins/com.st.stm32cube.ide.mcu.externaltools.gnu-tools-for-stm32.11.3.rel1.linux64_1.1.100.202309141235/tools/bin/../lib/gcc/arm-none-eabi/11.3.1/thumb/v7e-m+fp/hard/libgcc.a(_udivmoddi4.o)
                0x0000000008000208                __udivmoddi4
 .text          0x00000000080004d0        0x4 /opt/stm32cubeide/plugins/com.st.stm32cube.ide.mcu.externaltools.gnu-tools-for-stm32.11.3.rel1.linux64_1.1.100.202309141235/tools/bin/../lib/gcc/arm-none-eabi/11.3.1/thumb/v7e-m+fp/hard/libgcc.a(_dvmd_tls.o)
                0x00000000080004d0                __aeabi_ldiv0
                0x00000000080004d0                __aeabi_idiv0
 *(.text*)
 .text.tick     0x00000000080004d4       0x14 ./App/app.o
                0x00000000080004d4                tick
 .text.debounce
                0x00000000080004e8       0x14 ./App/app.o
                0x00000000080004e8                debounce
 .text.setup    0x00000000080004fc       0xcc ./App/app.o
                0x00000000080004fc                setup
 .text.loop     0x00000000080005c8        0xe ./App/app.o
                0x00000000080005c8                loop
 .text.button_attach_player1_callback
                0x00000000080005d6       0x14 ./App/button.o
                0x00000000080005d6                button_attach_player1_callback
 .text.button_attach_player2_callback
                0x00000000080005ea       0x14 ./App/button.o
                0x00000000080005ea                button_attach_player2_callback
 .text.button_attach_match_reset_callback
                0x00000000080005fe       0x14 ./App/button.o
                0x00000000080005fe                button_attach_match_reset_callback
 .text.game_init
                0x0000000008000612       0x5c ./App/game.o
                0x0000000008000612                game_init
 *fill*         0x000000000800066e        0x2 
 .text.game_start
                0x0000000008000670       0x20 ./App/game.o
                0x0000000008000670                game_start
 .text.game_stop
                0x0000000008000690       0x20 ./App/game.o
                0x0000000008000690                game_stop
 .text.game_update
                0x00000000080006b0       0x7e ./App/game.o
                0x00000000080006b0                game_update
 .text.player_init
                0x000000000800072e       0x4c ./App/player.o
                0x000000000800072e                player_init
 .text.player_time_ended
                0x000000000800077a       0x38 ./App/player.o
                0x000000000800077a                player_time_ended
 .text.player_time_dec
                0x00000000080007b2       0x38 ./App/player.o
                0x00000000080007b2                player_time_dec
 .text.player_display_curr
                0x00000000080007ea       0x3a ./App/player.o
                0x00000000080007ea                player_display_curr
 .text.timer_start
                0x0000000008000824       0x16 ./App/timer.o
                0x0000000008000824                timer_start
 .text.timer_stop
                0x000000000800083a       0x16 ./App/timer.o
                0x000000000800083a                timer_stop
 .text.timer_attach_callback2
                0x0000000008000850       0x14 ./App/timer.o
                0x0000000008000850                timer_attach_callback2
 .text.HAL_TIM_PeriodElapsedCallback
                0x0000000008000864       0x3c ./App/timer.o
                0x0000000008000864                HAL_TIM_PeriodElapsedCallback
 .text.tm1637Init
                0x00000000080008a0       0x1e ./App/tm1637.o
                0x00000000080008a0                tm1637Init
 *fill*         0x00000000080008be        0x2 
 .text.tm1637DisplayDecimal
                0x00000000080008c0      0x114 ./App/tm1637.o
                0x00000000080008c0                tm1637DisplayDecimal
 .text.tm1637SetBrightness
                0x00000000080009d4       0x42 ./App/tm1637.o
                0x00000000080009d4                tm1637SetBrightness
 .text._tm1637Start
                0x0000000008000a16       0x38 ./App/tm1637.o
                0x0000000008000a16                _tm1637Start
 .text._tm1637Stop
                0x0000000008000a4e       0x4e ./App/tm1637.o
                0x0000000008000a4e                _tm1637Stop
 .text._tm1637ReadResult
                0x0000000008000a9c       0x3e ./App/tm1637.o
                0x0000000008000a9c                _tm1637ReadResult
 .text._tm1637WriteByte
                0x0000000008000ada       0x70 ./App/tm1637.o
                0x0000000008000ada                _tm1637WriteByte
 .text._tm1637DelayUsec
                0x0000000008000b4a       0x38 ./App/tm1637.o
                0x0000000008000b4a                _tm1637DelayUsec
 .text._tm1637ClkHigh
                0x0000000008000b82       0x20 ./App/tm1637.o
                0x0000000008000b82                _tm1637ClkHigh
 .text._tm1637ClkLow
                0x0000000008000ba2       0x20 ./App/tm1637.o
                0x0000000008000ba2                _tm1637ClkLow
 .text._tm1637DioHigh
                0x0000000008000bc2       0x20 ./App/tm1637.o
                0x0000000008000bc2                _tm1637DioHigh
 .text._tm1637DioLow
                0x0000000008000be2       0x20 ./App/tm1637.o
                0x0000000008000be2                _tm1637DioLow
 .text.main     0x0000000008000c02       0x22 ./Core/Src/main.o
                0x0000000008000c02                main
 .text.SystemClock_Config
                0x0000000008000c24       0xbc ./Core/Src/main.o
                0x0000000008000c24                SystemClock_Config
 .text.MX_TIM2_Init
                0x0000000008000ce0       0x9c ./Core/Src/main.o
 .text.MX_TIM3_Init
                0x0000000008000d7c       0x9c ./Core/Src/main.o
 .text.MX_GPIO_Init
                0x0000000008000e18       0xf0 ./Core/Src/main.o
 .text.Error_Handler
                0x0000000008000f08        0xa ./Core/Src/main.o
                0x0000000008000f08                Error_Handler
 *fill*         0x0000000008000f12        0x2 
 .text.HAL_MspInit
                0x0000000008000f14       0x50 ./Core/Src/stm32f4xx_hal_msp.o
                0x0000000008000f14                HAL_MspInit
 .text.HAL_TIM_Base_MspInit
                0x0000000008000f64       0x88 ./Core/Src/stm32f4xx_hal_msp.o
                0x0000000008000f64                HAL_TIM_Base_MspInit
 .text.NMI_Handler
                0x0000000008000fec        0x6 ./Core/Src/stm32f4xx_it.o
                0x0000000008000fec                NMI_Handler
 .text.HardFault_Handler
                0x0000000008000ff2        0x6 ./Core/Src/stm32f4xx_it.o
                0x0000000008000ff2                HardFault_Handler
 .text.MemManage_Handler
                0x0000000008000ff8        0x6 ./Core/Src/stm32f4xx_it.o
                0x0000000008000ff8                MemManage_Handler
 .text.BusFault_Handler
                0x0000000008000ffe        0x6 ./Core/Src/stm32f4xx_it.o
                0x0000000008000ffe                BusFault_Handler
 .text.UsageFault_Handler
                0x0000000008001004        0x6 ./Core/Src/stm32f4xx_it.o
                0x0000000008001004                UsageFault_Handler
 .text.SVC_Handler
                0x000000000800100a        0xe ./Core/Src/stm32f4xx_it.o
                0x000000000800100a                SVC_Handler
 .text.DebugMon_Handler
                0x0000000008001018        0xe ./Core/Src/stm32f4xx_it.o
                0x0000000008001018                DebugMon_Handler
 .text.PendSV_Handler
                0x0000000008001026        0xe ./Core/Src/stm32f4xx_it.o
                0x0000000008001026                PendSV_Handler
 .text.SysTick_Handler
                0x0000000008001034        0xc ./Core/Src/stm32f4xx_it.o
                0x0000000008001034                SysTick_Handler
 .text.TIM2_IRQHandler
                0x0000000008001040       0x14 ./Core/Src/stm32f4xx_it.o
                0x0000000008001040                TIM2_IRQHandler
 .text.TIM3_IRQHandler
                0x0000000008001054       0x14 ./Core/Src/stm32f4xx_it.o
                0x0000000008001054                TIM3_IRQHandler
 .text.SystemInit
                0x0000000008001068       0x24 ./Core/Src/system_stm32f4xx.o
                0x0000000008001068                SystemInit
 .text.Reset_Handler
                0x000000000800108c       0x50 ./Core/Startup/startup_stm32f411ceux.o
                0x000000000800108c                Reset_Handler
 .text.Default_Handler
                0x00000000080010dc        0x2 ./Core/Startup/startup_stm32f411ceux.o
                0x00000000080010dc                RTC_Alarm_IRQHandler
                0x00000000080010dc                EXTI2_IRQHandler
                0x00000000080010dc                SPI4_IRQHandler
                0x00000000080010dc                TIM1_CC_IRQHandler
                0x00000000080010dc                DMA2_Stream5_IRQHandler
                0x00000000080010dc                DMA1_Stream5_IRQHandler
                0x00000000080010dc                PVD_IRQHandler
                0x00000000080010dc                SDIO_IRQHandler
                0x00000000080010dc                TAMP_STAMP_IRQHandler
                0x00000000080010dc                EXTI3_IRQHandler
                0x00000000080010dc                TIM1_UP_TIM10_IRQHandler
                0x00000000080010dc                I2C3_ER_IRQHandler
                0x00000000080010dc                EXTI0_IRQHandler
                0x00000000080010dc                I2C2_EV_IRQHandler
                0x00000000080010dc                DMA1_Stream2_IRQHandler
                0x00000000080010dc                FPU_IRQHandler
                0x00000000080010dc                DMA2_Stream2_IRQHandler
                0x00000000080010dc                SPI1_IRQHandler
                0x00000000080010dc                TIM1_BRK_TIM9_IRQHandler
                0x00000000080010dc                DMA2_Stream3_IRQHandler
                0x00000000080010dc                USART6_IRQHandler
                0x00000000080010dc                DMA2_Stream0_IRQHandler
                0x00000000080010dc                TIM4_IRQHandler
                0x00000000080010dc                I2C1_EV_IRQHandler
                0x00000000080010dc                DMA1_Stream6_IRQHandler
                0x00000000080010dc                DMA1_Stream1_IRQHandler
                0x00000000080010dc                RCC_IRQHandler
                0x00000000080010dc                Default_Handler
                0x00000000080010dc                EXTI15_10_IRQHandler
                0x00000000080010dc                ADC_IRQHandler
                0x00000000080010dc                DMA1_Stream7_IRQHandler
                0x00000000080010dc                SPI5_IRQHandler
                0x00000000080010dc                TIM5_IRQHandler
                0x00000000080010dc                DMA2_Stream7_IRQHandler
                0x00000000080010dc                I2C3_EV_IRQHandler
                0x00000000080010dc                EXTI9_5_IRQHandler
                0x00000000080010dc                RTC_WKUP_IRQHandler
                0x00000000080010dc                SPI2_IRQHandler
                0x00000000080010dc                DMA1_Stream0_IRQHandler
                0x00000000080010dc                EXTI4_IRQHandler
                0x00000000080010dc                WWDG_IRQHandler
                0x00000000080010dc                OTG_FS_WKUP_IRQHandler
                0x00000000080010dc                TIM1_TRG_COM_TIM11_IRQHandler
                0x00000000080010dc                EXTI1_IRQHandler
                0x00000000080010dc                USART2_IRQHandler
                0x00000000080010dc                I2C2_ER_IRQHandler
                0x00000000080010dc                DMA2_Stream1_IRQHandler
                0x00000000080010dc                FLASH_IRQHandler
                0x00000000080010dc                DMA2_Stream4_IRQHandler
                0x00000000080010dc                USART1_IRQHandler
                0x00000000080010dc                OTG_FS_IRQHandler
                0x00000000080010dc                SPI3_IRQHandler
                0x00000000080010dc                DMA1_Stream4_IRQHandler
                0x00000000080010dc                I2C1_ER_IRQHandler
                0x00000000080010dc                DMA2_Stream6_IRQHandler
                0x00000000080010dc                DMA1_Stream3_IRQHandler
 *fill*         0x00000000080010de        0x2 
 .text.HAL_Init
                0x00000000080010e0       0x44 ./Drivers/STM32F4xx_HAL_Driver/Src/stm32f4xx_hal.o
                0x00000000080010e0                HAL_Init
 .text.HAL_InitTick
                0x0000000008001124       0x60 ./Drivers/STM32F4xx_HAL_Driver/Src/stm32f4xx_hal.o
                0x0000000008001124                HAL_InitTick
 .text.HAL_IncTick
                0x0000000008001184       0x28 ./Drivers/STM32F4xx_HAL_Driver/Src/stm32f4xx_hal.o
                0x0000000008001184                HAL_IncTick
 .text.HAL_GetTick
                0x00000000080011ac       0x18 ./Drivers/STM32F4xx_HAL_Driver/Src/stm32f4xx_hal.o
                0x00000000080011ac                HAL_GetTick
 .text.__NVIC_SetPriorityGrouping
                0x00000000080011c4       0x48 ./Drivers/STM32F4xx_HAL_Driver/Src/stm32f4xx_hal_cortex.o
 .text.__NVIC_GetPriorityGrouping
                0x000000000800120c       0x1c ./Drivers/STM32F4xx_HAL_Driver/Src/stm32f4xx_hal_cortex.o
 .text.__NVIC_EnableIRQ
                0x0000000008001228       0x3c ./Drivers/STM32F4xx_HAL_Driver/Src/stm32f4xx_hal_cortex.o
 .text.__NVIC_SetPriority
                0x0000000008001264       0x54 ./Drivers/STM32F4xx_HAL_Driver/Src/stm32f4xx_hal_cortex.o
 .text.NVIC_EncodePriority
                0x00000000080012b8       0x66 ./Drivers/STM32F4xx_HAL_Driver/Src/stm32f4xx_hal_cortex.o
 *fill*         0x000000000800131e        0x2 
 .text.SysTick_Config
                0x0000000008001320       0x44 ./Drivers/STM32F4xx_HAL_Driver/Src/stm32f4xx_hal_cortex.o
 .text.HAL_NVIC_SetPriorityGrouping
                0x0000000008001364       0x16 ./Drivers/STM32F4xx_HAL_Driver/Src/stm32f4xx_hal_cortex.o
                0x0000000008001364                HAL_NVIC_SetPriorityGrouping
 .text.HAL_NVIC_SetPriority
                0x000000000800137a       0x38 ./Drivers/STM32F4xx_HAL_Driver/Src/stm32f4xx_hal_cortex.o
                0x000000000800137a                HAL_NVIC_SetPriority
 .text.HAL_NVIC_EnableIRQ
                0x00000000080013b2       0x1c ./Drivers/STM32F4xx_HAL_Driver/Src/stm32f4xx_hal_cortex.o
                0x00000000080013b2                HAL_NVIC_EnableIRQ
 .text.HAL_SYSTICK_Config
                0x00000000080013ce       0x18 ./Drivers/STM32F4xx_HAL_Driver/Src/stm32f4xx_hal_cortex.o
                0x00000000080013ce                HAL_SYSTICK_Config
 *fill*         0x00000000080013e6        0x2 
 .text.HAL_GPIO_Init
                0x00000000080013e8      0x308 ./Drivers/STM32F4xx_HAL_Driver/Src/stm32f4xx_hal_gpio.o
                0x00000000080013e8                HAL_GPIO_Init
 .text.HAL_GPIO_WritePin
                0x00000000080016f0       0x32 ./Drivers/STM32F4xx_HAL_Driver/Src/stm32f4xx_hal_gpio.o
                0x00000000080016f0                HAL_GPIO_WritePin
 *fill*         0x0000000008001722        0x2 
 .text.HAL_RCC_OscConfig
                0x0000000008001724      0x4f0 ./Drivers/STM32F4xx_HAL_Driver/Src/stm32f4xx_hal_rcc.o
                0x0000000008001724                HAL_RCC_OscConfig
 .text.HAL_RCC_ClockConfig
                0x0000000008001c14      0x1cc ./Drivers/STM32F4xx_HAL_Driver/Src/stm32f4xx_hal_rcc.o
                0x0000000008001c14                HAL_RCC_ClockConfig
 .text.HAL_RCC_GetSysClockFreq
                0x0000000008001de0      0x18c ./Drivers/STM32F4xx_HAL_Driver/Src/stm32f4xx_hal_rcc.o
                0x0000000008001de0                HAL_RCC_GetSysClockFreq
 .text.HAL_TIM_Base_Init
                0x0000000008001f6c       0x9e ./Drivers/STM32F4xx_HAL_Driver/Src/stm32f4xx_hal_tim.o
                0x0000000008001f6c                HAL_TIM_Base_Init
 *fill*         0x000000000800200a        0x2 
 .text.HAL_TIM_Base_Start_IT
                0x000000000800200c       0xc4 ./Drivers/STM32F4xx_HAL_Driver/Src/stm32f4xx_hal_tim.o
                0x000000000800200c                HAL_TIM_Base_Start_IT
 .text.HAL_TIM_Base_Stop_IT
                0x00000000080020d0       0x5e ./Drivers/STM32F4xx_HAL_Driver/Src/stm32f4xx_hal_tim.o
                0x00000000080020d0                HAL_TIM_Base_Stop_IT
 .text.HAL_TIM_IRQHandler
                0x000000000800212e      0x1e0 ./Drivers/STM32F4xx_HAL_Driver/Src/stm32f4xx_hal_tim.o
                0x000000000800212e                HAL_TIM_IRQHandler
 .text.HAL_TIM_ConfigClockSource
                0x000000000800230e      0x18e ./Drivers/STM32F4xx_HAL_Driver/Src/stm32f4xx_hal_tim.o
                0x000000000800230e                HAL_TIM_ConfigClockSource
 .text.HAL_TIM_OC_DelayElapsedCallback
                0x000000000800249c       0x14 ./Drivers/STM32F4xx_HAL_Driver/Src/stm32f4xx_hal_tim.o
                0x000000000800249c                HAL_TIM_OC_DelayElapsedCallback
 .text.HAL_TIM_IC_CaptureCallback
                0x00000000080024b0       0x14 ./Drivers/STM32F4xx_HAL_Driver/Src/stm32f4xx_hal_tim.o
                0x00000000080024b0                HAL_TIM_IC_CaptureCallback
 .text.HAL_TIM_PWM_PulseFinishedCallback
                0x00000000080024c4       0x14 ./Drivers/STM32F4xx_HAL_Driver/Src/stm32f4xx_hal_tim.o
                0x00000000080024c4                HAL_TIM_PWM_PulseFinishedCallback
 .text.HAL_TIM_TriggerCallback
                0x00000000080024d8       0x14 ./Drivers/STM32F4xx_HAL_Driver/Src/stm32f4xx_hal_tim.o
                0x00000000080024d8                HAL_TIM_TriggerCallback
 .text.TIM_Base_SetConfig
                0x00000000080024ec      0x118 ./Drivers/STM32F4xx_HAL_Driver/Src/stm32f4xx_hal_tim.o
                0x00000000080024ec                TIM_Base_SetConfig
 .text.TIM_TI1_ConfigInputStage
                0x0000000008002604       0x5e ./Drivers/STM32F4xx_HAL_Driver/Src/stm32f4xx_hal_tim.o
 .text.TIM_TI2_ConfigInputStage
                0x0000000008002662       0x60 ./Drivers/STM32F4xx_HAL_Driver/Src/stm32f4xx_hal_tim.o
 .text.TIM_ITRx_SetConfig
                0x00000000080026c2       0x36 ./Drivers/STM32F4xx_HAL_Driver/Src/stm32f4xx_hal_tim.o
 .text.TIM_ETR_SetConfig
                0x00000000080026f8       0x40 ./Drivers/STM32F4xx_HAL_Driver/Src/stm32f4xx_hal_tim.o
                0x00000000080026f8                TIM_ETR_SetConfig
 .text.HAL_TIMEx_MasterConfigSynchronization
                0x0000000008002738       0xdc ./Drivers/STM32F4xx_HAL_Driver/Src/stm32f4xx_hal_tim_ex.o
                0x0000000008002738                HAL_TIMEx_MasterConfigSynchronization
 .text.HAL_TIMEx_CommutCallback
                0x0000000008002814       0x14 ./Drivers/STM32F4xx_HAL_Driver/Src/stm32f4xx_hal_tim_ex.o
                0x0000000008002814                HAL_TIMEx_CommutCallback
 .text.HAL_TIMEx_BreakCallback
                0x0000000008002828       0x14 ./Drivers/STM32F4xx_HAL_Driver/Src/stm32f4xx_hal_tim_ex.o
                0x0000000008002828                HAL_TIMEx_BreakCallback
 .text.memset   0x000000000800283c       0x10 /opt/stm32cubeide/plugins/com.st.stm32cube.ide.mcu.externaltools.gnu-tools-for-stm32.11.3.rel1.linux64_1.1.100.202309141235/tools/bin/../lib/gcc/arm-none-eabi/11.3.1/../../../../arm-none-eabi/lib/thumb/v7e-m+fp/hard/libc_nano.a(libc_a-memset.o)
                0x000000000800283c                memset
 .text.__libc_init_array
                0x000000000800284c       0x48 /opt/stm32cubeide/plugins/com.st.stm32cube.ide.mcu.externaltools.gnu-tools-for-stm32.11.3.rel1.linux64_1.1.100.202309141235/tools/bin/../lib/gcc/arm-none-eabi/11.3.1/../../../../arm-none-eabi/lib/thumb/v7e-m+fp/hard/libc_nano.a(libc_a-init.o)
                0x000000000800284c                __libc_init_array
 *(.glue_7)
 .glue_7        0x0000000008002894        0x0 linker stubs
 *(.glue_7t)
 .glue_7t       0x0000000008002894        0x0 linker stubs
 *(.eh_frame)
 .eh_frame      0x0000000008002894        0x0 /opt/stm32cubeide/plugins/com.st.stm32cube.ide.mcu.externaltools.gnu-tools-for-stm32.11.3.rel1.linux64_1.1.100.202309141235/tools/bin/../lib/gcc/arm-none-eabi/11.3.1/thumb/v7e-m+fp/hard/crtbegin.o
 *(.init)
 .init          0x0000000008002894        0x4 /opt/stm32cubeide/plugins/com.st.stm32cube.ide.mcu.externaltools.gnu-tools-for-stm32.11.3.rel1.linux64_1.1.100.202309141235/tools/bin/../lib/gcc/arm-none-eabi/11.3.1/thumb/v7e-m+fp/hard/crti.o
                0x0000000008002894                _init
 .init          0x0000000008002898        0x8 /opt/stm32cubeide/plugins/com.st.stm32cube.ide.mcu.externaltools.gnu-tools-for-stm32.11.3.rel1.linux64_1.1.100.202309141235/tools/bin/../lib/gcc/arm-none-eabi/11.3.1/thumb/v7e-m+fp/hard/crtn.o
 *(.fini)
 .fini          0x00000000080028a0        0x4 /opt/stm32cubeide/plugins/com.st.stm32cube.ide.mcu.externaltools.gnu-tools-for-stm32.11.3.rel1.linux64_1.1.100.202309141235/tools/bin/../lib/gcc/arm-none-eabi/11.3.1/thumb/v7e-m+fp/hard/crti.o
                0x00000000080028a0                _fini
 .fini          0x00000000080028a4        0x8 /opt/stm32cubeide/plugins/com.st.stm32cube.ide.mcu.externaltools.gnu-tools-for-stm32.11.3.rel1.linux64_1.1.100.202309141235/tools/bin/../lib/gcc/arm-none-eabi/11.3.1/thumb/v7e-m+fp/hard/crtn.o
                0x00000000080028ac                . = ALIGN (0x4)
                0x00000000080028ac                _etext = .

.vfp11_veneer   0x00000000080028ac        0x0
 .vfp11_veneer  0x00000000080028ac        0x0 linker stubs

.v4_bx          0x00000000080028ac        0x0
 .v4_bx         0x00000000080028ac        0x0 linker stubs

.iplt           0x00000000080028ac        0x0
 .iplt          0x00000000080028ac        0x0 /opt/stm32cubeide/plugins/com.st.stm32cube.ide.mcu.externaltools.gnu-tools-for-stm32.11.3.rel1.linux64_1.1.100.202309141235/tools/bin/../lib/gcc/arm-none-eabi/11.3.1/thumb/v7e-m+fp/hard/crtbegin.o

.rodata         0x00000000080028ac       0x24
                0x00000000080028ac                . = ALIGN (0x4)
 *(.rodata)
 *(.rodata*)
 .rodata.segmentMap
                0x00000000080028ac       0x11 ./App/tm1637.o
                0x00000000080028ac                segmentMap
 *fill*         0x00000000080028bd        0x3 
 .rodata.AHBPrescTable
                0x00000000080028c0       0x10 ./Core/Src/system_stm32f4xx.o
                0x00000000080028c0                AHBPrescTable
                0x00000000080028d0                . = ALIGN (0x4)

.ARM.extab      0x00000000080028d0        0x0
                0x00000000080028d0                . = ALIGN (0x4)
 *(.ARM.extab* .gnu.linkonce.armextab.*)
                0x00000000080028d0                . = ALIGN (0x4)

.ARM            0x00000000080028d0        0x8
                0x00000000080028d0                . = ALIGN (0x4)
                0x00000000080028d0                __exidx_start = .
 *(.ARM.exidx*)
 .ARM.exidx     0x00000000080028d0        0x8 /opt/stm32cubeide/plugins/com.st.stm32cube.ide.mcu.externaltools.gnu-tools-for-stm32.11.3.rel1.linux64_1.1.100.202309141235/tools/bin/../lib/gcc/arm-none-eabi/11.3.1/thumb/v7e-m+fp/hard/libgcc.a(_udivmoddi4.o)
                0x00000000080028d8                __exidx_end = .
                0x00000000080028d8                . = ALIGN (0x4)

.rel.dyn        0x00000000080028d8        0x0
 .rel.iplt      0x00000000080028d8        0x0 /opt/stm32cubeide/plugins/com.st.stm32cube.ide.mcu.externaltools.gnu-tools-for-stm32.11.3.rel1.linux64_1.1.100.202309141235/tools/bin/../lib/gcc/arm-none-eabi/11.3.1/thumb/v7e-m+fp/hard/crtbegin.o

.preinit_array  0x00000000080028d8        0x0
                0x00000000080028d8                . = ALIGN (0x4)
                0x00000000080028d8                PROVIDE (__preinit_array_start = .)
 *(.preinit_array*)
                0x00000000080028d8                PROVIDE (__preinit_array_end = .)
                0x00000000080028d8                . = ALIGN (0x4)

.init_array     0x00000000080028d8        0x4
                0x00000000080028d8                . = ALIGN (0x4)
                0x00000000080028d8                PROVIDE (__init_array_start = .)
 *(SORT_BY_NAME(.init_array.*))
 *(.init_array*)
 .init_array    0x00000000080028d8        0x4 /opt/stm32cubeide/plugins/com.st.stm32cube.ide.mcu.externaltools.gnu-tools-for-stm32.11.3.rel1.linux64_1.1.100.202309141235/tools/bin/../lib/gcc/arm-none-eabi/11.3.1/thumb/v7e-m+fp/hard/crtbegin.o
                0x00000000080028dc                PROVIDE (__init_array_end = .)
                0x00000000080028dc                . = ALIGN (0x4)

.fini_array     0x00000000080028dc        0x4
                0x00000000080028dc                . = ALIGN (0x4)
                [!provide]                        PROVIDE (__fini_array_start = .)
 *(SORT_BY_NAME(.fini_array.*))
 *(.fini_array*)
 .fini_array    0x00000000080028dc        0x4 /opt/stm32cubeide/plugins/com.st.stm32cube.ide.mcu.externaltools.gnu-tools-for-stm32.11.3.rel1.linux64_1.1.100.202309141235/tools/bin/../lib/gcc/arm-none-eabi/11.3.1/thumb/v7e-m+fp/hard/crtbegin.o
                [!provide]                        PROVIDE (__fini_array_end = .)
                0x00000000080028e0                . = ALIGN (0x4)
                0x00000000080028e0                _sidata = LOADADDR (.data)

.data           0x0000000020000000        0xc load address 0x00000000080028e0
                0x0000000020000000                . = ALIGN (0x4)
                0x0000000020000000                _sdata = .
 *(.data)
 *(.data*)
 .data.SystemCoreClock
                0x0000000020000000        0x4 ./Core/Src/system_stm32f4xx.o
                0x0000000020000000                SystemCoreClock
 .data.uwTickPrio
                0x0000000020000004        0x4 ./Drivers/STM32F4xx_HAL_Driver/Src/stm32f4xx_hal.o
                0x0000000020000004                uwTickPrio
 .data.uwTickFreq
                0x0000000020000008        0x1 ./Drivers/STM32F4xx_HAL_Driver/Src/stm32f4xx_hal.o
                0x0000000020000008                uwTickFreq
 *(.RamFunc)
 *(.RamFunc*)
                0x000000002000000c                . = ALIGN (0x4)
 *fill*         0x0000000020000009        0x3 
                0x000000002000000c                _edata = .

.igot.plt       0x000000002000000c        0x0 load address 0x00000000080028ec
 .igot.plt      0x000000002000000c        0x0 /opt/stm32cubeide/plugins/com.st.stm32cube.ide.mcu.externaltools.gnu-tools-for-stm32.11.3.rel1.linux64_1.1.100.202309141235/tools/bin/../lib/gcc/arm-none-eabi/11.3.1/thumb/v7e-m+fp/hard/crtbegin.o
                0x000000002000000c                . = ALIGN (0x4)

.bss            0x000000002000000c      0x120 load address 0x00000000080028ec
                0x000000002000000c                _sbss = .
                0x000000002000000c                __bss_start__ = _sbss
 *(.bss)
 .bss           0x000000002000000c       0x1c /opt/stm32cubeide/plugins/com.st.stm32cube.ide.mcu.externaltools.gnu-tools-for-stm32.11.3.rel1.linux64_1.1.100.202309141235/tools/bin/../lib/gcc/arm-none-eabi/11.3.1/thumb/v7e-m+fp/hard/crtbegin.o
 *(.bss*)
 .bss.player1   0x0000000020000028       0x20 ./App/app.o
                0x0000000020000028                player1
 .bss.player2   0x0000000020000048       0x20 ./App/app.o
                0x0000000020000048                player2
 .bss.display1  0x0000000020000068        0xc ./App/app.o
                0x0000000020000068                display1
 .bss.display2  0x0000000020000074        0xc ./App/app.o
                0x0000000020000074                display2
 .bss.game      0x0000000020000080       0x10 ./App/app.o
                0x0000000020000080                game
 .bss.timer_callback1
                0x0000000020000090        0x4 ./App/timer.o
                0x0000000020000090                timer_callback1
 .bss.timer_callback2
                0x0000000020000094        0x4 ./App/timer.o
                0x0000000020000094                timer_callback2
 .bss.htim2     0x0000000020000098       0x48 ./Core/Src/main.o
                0x0000000020000098                htim2
 .bss.htim3     0x00000000200000e0       0x48 ./Core/Src/main.o
                0x00000000200000e0                htim3
 .bss.uwTick    0x0000000020000128        0x4 ./Drivers/STM32F4xx_HAL_Driver/Src/stm32f4xx_hal.o
                0x0000000020000128                uwTick
 *(COMMON)
                0x000000002000012c                . = ALIGN (0x4)
                0x000000002000012c                _ebss = .
                0x000000002000012c                __bss_end__ = _ebss

._user_heap_stack
                0x000000002000012c      0x604 load address 0x00000000080028ec
                0x0000000020000130                . = ALIGN (0x8)
 *fill*         0x000000002000012c        0x4 
                [!provide]                        PROVIDE (end = .)
                0x0000000020000130                PROVIDE (_end = .)
                0x0000000020000330                . = (. + _Min_Heap_Size)
 *fill*         0x0000000020000130      0x200 
                0x0000000020000730                . = (. + _Min_Stack_Size)
 *fill*         0x0000000020000330      0x400 
                0x0000000020000730                . = ALIGN (0x8)

/DISCARD/
 libc.a(*)
 libm.a(*)
 libgcc.a(*)

.ARM.attributes
                0x0000000000000000       0x30
 *(.ARM.attributes)
 .ARM.attributes
                0x0000000000000000       0x1e /opt/stm32cubeide/plugins/com.st.stm32cube.ide.mcu.externaltools.gnu-tools-for-stm32.11.3.rel1.linux64_1.1.100.202309141235/tools/bin/../lib/gcc/arm-none-eabi/11.3.1/thumb/v7e-m+fp/hard/crti.o
 .ARM.attributes
                0x000000000000001e       0x34 /opt/stm32cubeide/plugins/com.st.stm32cube.ide.mcu.externaltools.gnu-tools-for-stm32.11.3.rel1.linux64_1.1.100.202309141235/tools/bin/../lib/gcc/arm-none-eabi/11.3.1/thumb/v7e-m+fp/hard/crtbegin.o
 .ARM.attributes
                0x0000000000000052       0x34 ./App/app.o
 .ARM.attributes
                0x0000000000000086       0x34 ./App/button.o
 .ARM.attributes
                0x00000000000000ba       0x34 ./App/game.o
 .ARM.attributes
                0x00000000000000ee       0x34 ./App/player.o
 .ARM.attributes
                0x0000000000000122       0x34 ./App/timer.o
 .ARM.attributes
                0x0000000000000156       0x34 ./App/tm1637.o
 .ARM.attributes
                0x000000000000018a       0x34 ./Core/Src/main.o
 .ARM.attributes
                0x00000000000001be       0x34 ./Core/Src/stm32f4xx_hal_msp.o
 .ARM.attributes
                0x00000000000001f2       0x34 ./Core/Src/stm32f4xx_it.o
 .ARM.attributes
                0x0000000000000226       0x34 ./Core/Src/system_stm32f4xx.o
 .ARM.attributes
                0x000000000000025a       0x21 ./Core/Startup/startup_stm32f411ceux.o
 .ARM.attributes
                0x000000000000027b       0x34 ./Drivers/STM32F4xx_HAL_Driver/Src/stm32f4xx_hal.o
 .ARM.attributes
                0x00000000000002af       0x34 ./Drivers/STM32F4xx_HAL_Driver/Src/stm32f4xx_hal_cortex.o
 .ARM.attributes
                0x00000000000002e3       0x34 ./Drivers/STM32F4xx_HAL_Driver/Src/stm32f4xx_hal_gpio.o
 .ARM.attributes
                0x0000000000000317       0x34 ./Drivers/STM32F4xx_HAL_Driver/Src/stm32f4xx_hal_rcc.o
 .ARM.attributes
                0x000000000000034b       0x34 ./Drivers/STM32F4xx_HAL_Driver/Src/stm32f4xx_hal_tim.o
 .ARM.attributes
                0x000000000000037f       0x34 ./Drivers/STM32F4xx_HAL_Driver/Src/stm32f4xx_hal_tim_ex.o
 .ARM.attributes
                0x00000000000003b3       0x34 /opt/stm32cubeide/plugins/com.st.stm32cube.ide.mcu.externaltools.gnu-tools-for-stm32.11.3.rel1.linux64_1.1.100.202309141235/tools/bin/../lib/gcc/arm-none-eabi/11.3.1/../../../../arm-none-eabi/lib/thumb/v7e-m+fp/hard/libc_nano.a(libc_a-memset.o)
 .ARM.attributes
                0x00000000000003e7       0x34 /opt/stm32cubeide/plugins/com.st.stm32cube.ide.mcu.externaltools.gnu-tools-for-stm32.11.3.rel1.linux64_1.1.100.202309141235/tools/bin/../lib/gcc/arm-none-eabi/11.3.1/../../../../arm-none-eabi/lib/thumb/v7e-m+fp/hard/libc_nano.a(libc_a-init.o)
 .ARM.attributes
                0x000000000000041b       0x1e /opt/stm32cubeide/plugins/com.st.stm32cube.ide.mcu.externaltools.gnu-tools-for-stm32.11.3.rel1.linux64_1.1.100.202309141235/tools/bin/../lib/gcc/arm-none-eabi/11.3.1/thumb/v7e-m+fp/hard/libgcc.a(_aeabi_uldivmod.o)
 .ARM.attributes
                0x0000000000000439       0x34 /opt/stm32cubeide/plugins/com.st.stm32cube.ide.mcu.externaltools.gnu-tools-for-stm32.11.3.rel1.linux64_1.1.100.202309141235/tools/bin/../lib/gcc/arm-none-eabi/11.3.1/thumb/v7e-m+fp/hard/libgcc.a(_udivmoddi4.o)
 .ARM.attributes
                0x000000000000046d       0x1e /opt/stm32cubeide/plugins/com.st.stm32cube.ide.mcu.externaltools.gnu-tools-for-stm32.11.3.rel1.linux64_1.1.100.202309141235/tools/bin/../lib/gcc/arm-none-eabi/11.3.1/thumb/v7e-m+fp/hard/libgcc.a(_dvmd_tls.o)
 .ARM.attributes
                0x000000000000048b       0x1e /opt/stm32cubeide/plugins/com.st.stm32cube.ide.mcu.externaltools.gnu-tools-for-stm32.11.3.rel1.linux64_1.1.100.202309141235/tools/bin/../lib/gcc/arm-none-eabi/11.3.1/thumb/v7e-m+fp/hard/crtn.o
OUTPUT(relogio_digital_xadrez.elf elf32-littlearm)
LOAD linker stubs
LOAD /opt/stm32cubeide/plugins/com.st.stm32cube.ide.mcu.externaltools.gnu-tools-for-stm32.11.3.rel1.linux64_1.1.100.202309141235/tools/bin/../lib/gcc/arm-none-eabi/11.3.1/../../../../arm-none-eabi/lib/thumb/v7e-m+fp/hard/libc.a
LOAD /opt/stm32cubeide/plugins/com.st.stm32cube.ide.mcu.externaltools.gnu-tools-for-stm32.11.3.rel1.linux64_1.1.100.202309141235/tools/bin/../lib/gcc/arm-none-eabi/11.3.1/../../../../arm-none-eabi/lib/thumb/v7e-m+fp/hard/libm.a
LOAD /opt/stm32cubeide/plugins/com.st.stm32cube.ide.mcu.externaltools.gnu-tools-for-stm32.11.3.rel1.linux64_1.1.100.202309141235/tools/bin/../lib/gcc/arm-none-eabi/11.3.1/thumb/v7e-m+fp/hard/libgcc.a

.comment        0x0000000000000000       0x43
 .comment       0x0000000000000000       0x43 /opt/stm32cubeide/plugins/com.st.stm32cube.ide.mcu.externaltools.gnu-tools-for-stm32.11.3.rel1.linux64_1.1.100.202309141235/tools/bin/../lib/gcc/arm-none-eabi/11.3.1/thumb/v7e-m+fp/hard/crtbegin.o
                                         0x44 (size before relaxing)
 .comment       0x0000000000000043       0x44 ./App/app.o
 .comment       0x0000000000000043       0x44 ./App/button.o
 .comment       0x0000000000000043       0x44 ./App/game.o
 .comment       0x0000000000000043       0x44 ./App/player.o
 .comment       0x0000000000000043       0x44 ./App/timer.o
 .comment       0x0000000000000043       0x44 ./App/tm1637.o
 .comment       0x0000000000000043       0x44 ./Core/Src/main.o
 .comment       0x0000000000000043       0x44 ./Core/Src/stm32f4xx_hal_msp.o
 .comment       0x0000000000000043       0x44 ./Core/Src/stm32f4xx_it.o
 .comment       0x0000000000000043       0x44 ./Core/Src/system_stm32f4xx.o
 .comment       0x0000000000000043       0x44 ./Drivers/STM32F4xx_HAL_Driver/Src/stm32f4xx_hal.o
 .comment       0x0000000000000043       0x44 ./Drivers/STM32F4xx_HAL_Driver/Src/stm32f4xx_hal_cortex.o
 .comment       0x0000000000000043       0x44 ./Drivers/STM32F4xx_HAL_Driver/Src/stm32f4xx_hal_gpio.o
 .comment       0x0000000000000043       0x44 ./Drivers/STM32F4xx_HAL_Driver/Src/stm32f4xx_hal_rcc.o
 .comment       0x0000000000000043       0x44 ./Drivers/STM32F4xx_HAL_Driver/Src/stm32f4xx_hal_tim.o
 .comment       0x0000000000000043       0x44 ./Drivers/STM32F4xx_HAL_Driver/Src/stm32f4xx_hal_tim_ex.o

.debug_info     0x0000000000000000     0xac3a
 .debug_info    0x0000000000000000      0x9c3 ./App/app.o
 .debug_info    0x00000000000009c3      0x151 ./App/button.o
 .debug_info    0x0000000000000b14      0x97f ./App/game.o
 .debug_info    0x0000000000001493      0x32c ./App/player.o
 .debug_info    0x00000000000017bf      0x765 ./App/timer.o
 .debug_info    0x0000000000001f24      0x459 ./App/tm1637.o
 .debug_info    0x000000000000237d      0xde9 ./Core/Src/main.o
 .debug_info    0x0000000000003166      0xaa1 ./Core/Src/stm32f4xx_hal_msp.o
 .debug_info    0x0000000000003c07      0x6f2 ./Core/Src/stm32f4xx_it.o
 .debug_info    0x00000000000042f9      0x53e ./Core/Src/system_stm32f4xx.o
 .debug_info    0x0000000000004837       0x23 ./Core/Startup/startup_stm32f411ceux.o
 .debug_info    0x000000000000485a      0x8c4 ./Drivers/STM32F4xx_HAL_Driver/Src/stm32f4xx_hal.o
 .debug_info    0x000000000000511e      0xcc7 ./Drivers/STM32F4xx_HAL_Driver/Src/stm32f4xx_hal_cortex.o
 .debug_info    0x0000000000005de5      0x6f9 ./Drivers/STM32F4xx_HAL_Driver/Src/stm32f4xx_hal_gpio.o
 .debug_info    0x00000000000064de      0x8f2 ./Drivers/STM32F4xx_HAL_Driver/Src/stm32f4xx_hal_rcc.o
 .debug_info    0x0000000000006dd0     0x2996 ./Drivers/STM32F4xx_HAL_Driver/Src/stm32f4xx_hal_tim.o
 .debug_info    0x0000000000009766     0x14d4 ./Drivers/STM32F4xx_HAL_Driver/Src/stm32f4xx_hal_tim_ex.o

.debug_abbrev   0x0000000000000000     0x1f69
 .debug_abbrev  0x0000000000000000      0x1d3 ./App/app.o
 .debug_abbrev  0x00000000000001d3       0xa8 ./App/button.o
 .debug_abbrev  0x000000000000027b      0x1cc ./App/game.o
 .debug_abbrev  0x0000000000000447      0x18c ./App/player.o
 .debug_abbrev  0x00000000000005d3      0x1cc ./App/timer.o
 .debug_abbrev  0x000000000000079f      0x1c0 ./App/tm1637.o
 .debug_abbrev  0x000000000000095f      0x25a ./Core/Src/main.o
 .debug_abbrev  0x0000000000000bb9      0x1c1 ./Core/Src/stm32f4xx_hal_msp.o
 .debug_abbrev  0x0000000000000d7a      0x1a7 ./Core/Src/stm32f4xx_it.o
 .debug_abbrev  0x0000000000000f21      0x11a ./Core/Src/system_stm32f4xx.o
 .debug_abbrev  0x000000000000103b       0x12 ./Core/Startup/startup_stm32f411ceux.o
 .debug_abbrev  0x000000000000104d      0x24b ./Drivers/STM32F4xx_HAL_Driver/Src/stm32f4xx_hal.o
 .debug_abbrev  0x0000000000001298      0x328 ./Drivers/STM32F4xx_HAL_Driver/Src/stm32f4xx_hal_cortex.o
 .debug_abbrev  0x00000000000015c0      0x1d3 ./Drivers/STM32F4xx_HAL_Driver/Src/stm32f4xx_hal_gpio.o
 .debug_abbrev  0x0000000000001793      0x2b5 ./Drivers/STM32F4xx_HAL_Driver/Src/stm32f4xx_hal_rcc.o
 .debug_abbrev  0x0000000000001a48      0x28b ./Drivers/STM32F4xx_HAL_Driver/Src/stm32f4xx_hal_tim.o
 .debug_abbrev  0x0000000000001cd3      0x296 ./Drivers/STM32F4xx_HAL_Driver/Src/stm32f4xx_hal_tim_ex.o

.debug_aranges  0x0000000000000000      0xb10
 .debug_aranges
                0x0000000000000000       0x40 ./App/app.o
 .debug_aranges
                0x0000000000000040       0x38 ./App/button.o
 .debug_aranges
                0x0000000000000078       0x40 ./App/game.o
 .debug_aranges
                0x00000000000000b8       0x38 ./App/player.o
 .debug_aranges
                0x00000000000000f0       0x48 ./App/timer.o
 .debug_aranges
                0x0000000000000138       0x78 ./App/tm1637.o
 .debug_aranges
                0x00000000000001b0       0x48 ./Core/Src/main.o
 .debug_aranges
                0x00000000000001f8       0x30 ./Core/Src/stm32f4xx_hal_msp.o
 .debug_aranges
                0x0000000000000228       0x70 ./Core/Src/stm32f4xx_it.o
 .debug_aranges
                0x0000000000000298       0x28 ./Core/Src/system_stm32f4xx.o
 .debug_aranges
                0x00000000000002c0       0x28 ./Core/Startup/startup_stm32f411ceux.o
 .debug_aranges
                0x00000000000002e8       0xf0 ./Drivers/STM32F4xx_HAL_Driver/Src/stm32f4xx_hal.o
 .debug_aranges
                0x00000000000003d8      0x120 ./Drivers/STM32F4xx_HAL_Driver/Src/stm32f4xx_hal_cortex.o
 .debug_aranges
                0x00000000000004f8       0x58 ./Drivers/STM32F4xx_HAL_Driver/Src/stm32f4xx_hal_gpio.o
 .debug_aranges
                0x0000000000000550       0x88 ./Drivers/STM32F4xx_HAL_Driver/Src/stm32f4xx_hal_rcc.o
 .debug_aranges
                0x00000000000005d8      0x3d0 ./Drivers/STM32F4xx_HAL_Driver/Src/stm32f4xx_hal_tim.o
 .debug_aranges
                0x00000000000009a8      0x168 ./Drivers/STM32F4xx_HAL_Driver/Src/stm32f4xx_hal_tim_ex.o

.debug_rnglists
                0x0000000000000000      0x866
 .debug_rnglists
                0x0000000000000000       0x2c ./App/app.o
 .debug_rnglists
                0x000000000000002c       0x25 ./App/button.o
 .debug_rnglists
                0x0000000000000051       0x2b ./App/game.o
 .debug_rnglists
                0x000000000000007c       0x25 ./App/player.o
 .debug_rnglists
                0x00000000000000a1       0x31 ./App/timer.o
 .debug_rnglists
                0x00000000000000d2       0x56 ./App/tm1637.o
 .debug_rnglists
                0x0000000000000128       0x35 ./Core/Src/main.o
 .debug_rnglists
                0x000000000000015d       0x20 ./Core/Src/stm32f4xx_hal_msp.o
 .debug_rnglists
                0x000000000000017d       0x4f ./Core/Src/stm32f4xx_it.o
 .debug_rnglists
                0x00000000000001cc       0x1a ./Core/Src/system_stm32f4xx.o
 .debug_rnglists
                0x00000000000001e6       0x19 ./Core/Startup/startup_stm32f411ceux.o
 .debug_rnglists
                0x00000000000001ff       0xaf ./Drivers/STM32F4xx_HAL_Driver/Src/stm32f4xx_hal.o
 .debug_rnglists
                0x00000000000002ae       0xd4 ./Drivers/STM32F4xx_HAL_Driver/Src/stm32f4xx_hal_cortex.o
 .debug_rnglists
                0x0000000000000382       0x3f ./Drivers/STM32F4xx_HAL_Driver/Src/stm32f4xx_hal_gpio.o
 .debug_rnglists
                0x00000000000003c1       0x66 ./Drivers/STM32F4xx_HAL_Driver/Src/stm32f4xx_hal_rcc.o
 .debug_rnglists
                0x0000000000000427      0x31a ./Drivers/STM32F4xx_HAL_Driver/Src/stm32f4xx_hal_tim.o
 .debug_rnglists
                0x0000000000000741      0x125 ./Drivers/STM32F4xx_HAL_Driver/Src/stm32f4xx_hal_tim_ex.o

.debug_macro    0x0000000000000000    0x15cd5
 .debug_macro   0x0000000000000000      0x205 ./App/app.o
 .debug_macro   0x0000000000000205      0xaa8 ./App/app.o
 .debug_macro   0x0000000000000cad      0x295 ./App/app.o
 .debug_macro   0x0000000000000f42       0x2e ./App/app.o
 .debug_macro   0x0000000000000f70       0x28 ./App/app.o
 .debug_macro   0x0000000000000f98       0x22 ./App/app.o
 .debug_macro   0x0000000000000fba       0x8e ./App/app.o
 .debug_macro   0x0000000000001048       0x51 ./App/app.o
 .debug_macro   0x0000000000001099      0x103 ./App/app.o
 .debug_macro   0x000000000000119c       0x6a ./App/app.o
 .debug_macro   0x0000000000001206      0x1df ./App/app.o
 .debug_macro   0x00000000000013e5       0x1c ./App/app.o
 .debug_macro   0x0000000000001401       0x22 ./App/app.o
 .debug_macro   0x0000000000001423       0xfb ./App/app.o
 .debug_macro   0x000000000000151e     0x1011 ./App/app.o
 .debug_macro   0x000000000000252f      0x11f ./App/app.o
 .debug_macro   0x000000000000264e     0xb953 ./App/app.o
 .debug_macro   0x000000000000dfa1       0x6d ./App/app.o
 .debug_macro   0x000000000000e00e     0x368c ./App/app.o
 .debug_macro   0x000000000001169a      0x174 ./App/app.o
 .debug_macro   0x000000000001180e       0x5c ./App/app.o
 .debug_macro   0x000000000001186a      0x45c ./App/app.o
 .debug_macro   0x0000000000011cc6      0x9e9 ./App/app.o
 .debug_macro   0x00000000000126af      0x115 ./App/app.o
 .debug_macro   0x00000000000127c4      0x11b ./App/app.o
 .debug_macro   0x00000000000128df       0xa5 ./App/app.o
 .debug_macro   0x0000000000012984      0x15f ./App/app.o
 .debug_macro   0x0000000000012ae3      0x287 ./App/app.o
 .debug_macro   0x0000000000012d6a       0x5f ./App/app.o
 .debug_macro   0x0000000000012dc9      0x236 ./App/app.o
 .debug_macro   0x0000000000012fff      0x132 ./App/app.o
 .debug_macro   0x0000000000013131      0x264 ./App/app.o
 .debug_macro   0x0000000000013395       0x2e ./App/app.o
 .debug_macro   0x00000000000133c3      0x127 ./App/app.o
 .debug_macro   0x00000000000134ea       0x85 ./App/app.o
 .debug_macro   0x000000000001356f       0x89 ./App/app.o
 .debug_macro   0x00000000000135f8      0x8ed ./App/app.o
 .debug_macro   0x0000000000013ee5       0x47 ./App/app.o
 .debug_macro   0x0000000000013f2c      0x126 ./App/app.o
 .debug_macro   0x0000000000014052       0x64 ./App/app.o
 .debug_macro   0x00000000000140b6      0x1d3 ./App/button.o
 .debug_macro   0x0000000000014289      0x1f5 ./App/game.o
 .debug_macro   0x000000000001447e       0x6a ./App/game.o
 .debug_macro   0x00000000000144e8      0x1d8 ./App/player.o
 .debug_macro   0x00000000000146c0      0x1d3 ./App/timer.o
 .debug_macro   0x0000000000014893      0x1ce ./App/tm1637.o
 .debug_macro   0x0000000000014a61      0x1dd ./Core/Src/main.o
 .debug_macro   0x0000000000014c3e      0x1d3 ./Core/Src/stm32f4xx_hal_msp.o
 .debug_macro   0x0000000000014e11      0x1dd ./Core/Src/stm32f4xx_it.o
 .debug_macro   0x0000000000014fee      0x1c4 ./Core/Src/system_stm32f4xx.o
 .debug_macro   0x00000000000151b2      0x224 ./Drivers/STM32F4xx_HAL_Driver/Src/stm32f4xx_hal.o
 .debug_macro   0x00000000000153d6      0x1c4 ./Drivers/STM32F4xx_HAL_Driver/Src/stm32f4xx_hal_cortex.o
 .debug_macro   0x000000000001559a      0x1ca ./Drivers/STM32F4xx_HAL_Driver/Src/stm32f4xx_hal_gpio.o
 .debug_macro   0x0000000000015764      0x1e8 ./Drivers/STM32F4xx_HAL_Driver/Src/stm32f4xx_hal_rcc.o
 .debug_macro   0x000000000001594c      0x1c5 ./Drivers/STM32F4xx_HAL_Driver/Src/stm32f4xx_hal_tim.o
 .debug_macro   0x0000000000015b11      0x1c4 ./Drivers/STM32F4xx_HAL_Driver/Src/stm32f4xx_hal_tim_ex.o

.debug_line     0x0000000000000000     0xc11a
 .debug_line    0x0000000000000000      0x6eb ./App/app.o
 .debug_line    0x00000000000006eb      0x690 ./App/button.o
 .debug_line    0x0000000000000d7b      0x71c ./App/game.o
 .debug_line    0x0000000000001497      0x6ce ./App/player.o
 .debug_line    0x0000000000001b65      0x6c3 ./App/timer.o
 .debug_line    0x0000000000002228      0x81c ./App/tm1637.o
 .debug_line    0x0000000000002a44      0x7b5 ./Core/Src/main.o
 .debug_line    0x00000000000031f9      0x6b2 ./Core/Src/stm32f4xx_hal_msp.o
 .debug_line    0x00000000000038ab      0x746 ./Core/Src/stm32f4xx_it.o
 .debug_line    0x0000000000003ff1      0x6d5 ./Core/Src/system_stm32f4xx.o
 .debug_line    0x00000000000046c6       0x7a ./Core/Startup/startup_stm32f411ceux.o
 .debug_line    0x0000000000004740      0x93b ./Drivers/STM32F4xx_HAL_Driver/Src/stm32f4xx_hal.o
 .debug_line    0x000000000000507b      0xc07 ./Drivers/STM32F4xx_HAL_Driver/Src/stm32f4xx_hal_cortex.o
 .debug_line    0x0000000000005c82      0xa73 ./Drivers/STM32F4xx_HAL_Driver/Src/stm32f4xx_hal_gpio.o
 .debug_line    0x00000000000066f5      0xcb2 ./Drivers/STM32F4xx_HAL_Driver/Src/stm32f4xx_hal_rcc.o
 .debug_line    0x00000000000073a7     0x34a1 ./Drivers/STM32F4xx_HAL_Driver/Src/stm32f4xx_hal_tim.o
 .debug_line    0x000000000000a848     0x18d2 ./Drivers/STM32F4xx_HAL_Driver/Src/stm32f4xx_hal_tim_ex.o

.debug_str      0x0000000000000000    0x88239
 .debug_str     0x0000000000000000    0x855e7 ./App/app.o
                                      0x8590f (size before relaxing)
 .debug_str     0x00000000000855e7       0x7c ./App/button.o
                                      0x85261 (size before relaxing)
 .debug_str     0x0000000000085663       0x79 ./App/game.o
                                      0x85897 (size before relaxing)
 .debug_str     0x00000000000856dc       0x2e ./App/player.o
                                      0x85155 (size before relaxing)
 .debug_str     0x000000000008570a       0xda ./App/timer.o
                                      0x857ad (size before relaxing)
 .debug_str     0x00000000000857e4      0x117 ./App/tm1637.o
                                      0x851b4 (size before relaxing)
 .debug_str     0x00000000000858fb      0x407 ./Core/Src/main.o
                                      0x85b9b (size before relaxing)
 .debug_str     0x0000000000085d02      0x434 ./Core/Src/stm32f4xx_hal_msp.o
                                      0x85bf8 (size before relaxing)
 .debug_str     0x0000000000086136       0xfc ./Core/Src/stm32f4xx_it.o
                                      0x857ad (size before relaxing)
 .debug_str     0x0000000000086232       0xdb ./Core/Src/system_stm32f4xx.o
                                      0x851f3 (size before relaxing)
 .debug_str     0x000000000008630d       0x34 ./Core/Startup/startup_stm32f411ceux.o
                                         0x90 (size before relaxing)
 .debug_str     0x0000000000086341      0x617 ./Drivers/STM32F4xx_HAL_Driver/Src/stm32f4xx_hal.o
                                      0x85c1f (size before relaxing)
 .debug_str     0x0000000000086958      0x33f ./Drivers/STM32F4xx_HAL_Driver/Src/stm32f4xx_hal_cortex.o
                                      0x85957 (size before relaxing)
 .debug_str     0x0000000000086c97      0x111 ./Drivers/STM32F4xx_HAL_Driver/Src/stm32f4xx_hal_gpio.o
                                      0x8536e (size before relaxing)
 .debug_str     0x0000000000086da8      0x233 ./Drivers/STM32F4xx_HAL_Driver/Src/stm32f4xx_hal_rcc.o
                                      0x85627 (size before relaxing)
 .debug_str     0x0000000000086fdb      0xdcb ./Drivers/STM32F4xx_HAL_Driver/Src/stm32f4xx_hal_tim.o
                                      0x8656b (size before relaxing)
 .debug_str     0x0000000000087da6      0x493 ./Drivers/STM32F4xx_HAL_Driver/Src/stm32f4xx_hal_tim_ex.o
                                      0x85d77 (size before relaxing)

.debug_frame    0x0000000000000000     0x2c80
 .debug_frame   0x0000000000000000       0xb0 ./App/app.o
 .debug_frame   0x00000000000000b0       0xa0 ./App/button.o
 .debug_frame   0x0000000000000150       0xcc ./App/game.o
 .debug_frame   0x000000000000021c       0xb8 ./App/player.o
 .debug_frame   0x00000000000002d4       0xec ./App/timer.o
 .debug_frame   0x00000000000003c0      0x1d0 ./App/tm1637.o
 .debug_frame   0x0000000000000590       0xd4 ./Core/Src/main.o
 .debug_frame   0x0000000000000664       0x80 ./Core/Src/stm32f4xx_hal_msp.o
 .debug_frame   0x00000000000006e4      0x13c ./Core/Src/stm32f4xx_it.o
 .debug_frame   0x0000000000000820       0x58 ./Core/Src/system_stm32f4xx.o
 .debug_frame   0x0000000000000878      0x374 ./Drivers/STM32F4xx_HAL_Driver/Src/stm32f4xx_hal.o
 .debug_frame   0x0000000000000bec      0x4b8 ./Drivers/STM32F4xx_HAL_Driver/Src/stm32f4xx_hal_cortex.o
 .debug_frame   0x00000000000010a4      0x14c ./Drivers/STM32F4xx_HAL_Driver/Src/stm32f4xx_hal_gpio.o
 .debug_frame   0x00000000000011f0      0x1f4 ./Drivers/STM32F4xx_HAL_Driver/Src/stm32f4xx_hal_rcc.o
 .debug_frame   0x00000000000013e4     0x11b8 ./Drivers/STM32F4xx_HAL_Driver/Src/stm32f4xx_hal_tim.o
 .debug_frame   0x000000000000259c      0x638 ./Drivers/STM32F4xx_HAL_Driver/Src/stm32f4xx_hal_tim_ex.o
 .debug_frame   0x0000000000002bd4       0x20 /opt/stm32cubeide/plugins/com.st.stm32cube.ide.mcu.externaltools.gnu-tools-for-stm32.11.3.rel1.linux64_1.1.100.202309141235/tools/bin/../lib/gcc/arm-none-eabi/11.3.1/../../../../arm-none-eabi/lib/thumb/v7e-m+fp/hard/libc_nano.a(libc_a-memset.o)
 .debug_frame   0x0000000000002bf4       0x2c /opt/stm32cubeide/plugins/com.st.stm32cube.ide.mcu.externaltools.gnu-tools-for-stm32.11.3.rel1.linux64_1.1.100.202309141235/tools/bin/../lib/gcc/arm-none-eabi/11.3.1/../../../../arm-none-eabi/lib/thumb/v7e-m+fp/hard/libc_nano.a(libc_a-init.o)
 .debug_frame   0x0000000000002c20       0x2c /opt/stm32cubeide/plugins/com.st.stm32cube.ide.mcu.externaltools.gnu-tools-for-stm32.11.3.rel1.linux64_1.1.100.202309141235/tools/bin/../lib/gcc/arm-none-eabi/11.3.1/thumb/v7e-m+fp/hard/libgcc.a(_aeabi_uldivmod.o)
 .debug_frame   0x0000000000002c4c       0x34 /opt/stm32cubeide/plugins/com.st.stm32cube.ide.mcu.externaltools.gnu-tools-for-stm32.11.3.rel1.linux64_1.1.100.202309141235/tools/bin/../lib/gcc/arm-none-eabi/11.3.1/thumb/v7e-m+fp/hard/libgcc.a(_udivmoddi4.o)

.debug_line_str
                0x0000000000000000       0x84
 .debug_line_str
                0x0000000000000000       0x84 ./Core/Startup/startup_stm32f411ceux.o
                                         0x9c (size before relaxing)
